../Drivers/STM32F4xx_HAL_Driver/Src/stm32f4xx_hal_pcd.c:123:19:HAL_PCD_Init	32	static
../Drivers/STM32F4xx_HAL_Driver/Src/stm32f4xx_hal_pcd.c:258:19:HAL_PCD_DeInit	16	static
../Drivers/STM32F4xx_HAL_Driver/Src/stm32f4xx_hal_pcd.c:297:13:HAL_PCD_MspInit	16	static
../Drivers/STM32F4xx_HAL_Driver/Src/stm32f4xx_hal_pcd.c:312:13:HAL_PCD_MspDeInit	16	static
../Drivers/STM32F4xx_HAL_Driver/Src/stm32f4xx_hal_pcd.c:1015:19:HAL_PCD_Start	24	static
../Drivers/STM32F4xx_HAL_Driver/Src/stm32f4xx_hal_pcd.c:1040:19:HAL_PCD_Stop	24	static
../Drivers/STM32F4xx_HAL_Driver/Src/stm32f4xx_hal_pcd.c:1068:6:HAL_PCD_IRQHandler	64	static
../Drivers/STM32F4xx_HAL_Driver/Src/stm32f4xx_hal_pcd.c:1535:6:HAL_PCD_WKUP_IRQHandler	24	static
../Drivers/STM32F4xx_HAL_Driver/Src/stm32f4xx_hal_pcd.c:1562:13:HAL_PCD_DataOutStageCallback	16	static
../Drivers/STM32F4xx_HAL_Driver/Src/stm32f4xx_hal_pcd.c:1579:13:HAL_PCD_DataInStageCallback	16	static
../Drivers/STM32F4xx_HAL_Driver/Src/stm32f4xx_hal_pcd.c:1594:13:HAL_PCD_SetupStageCallback	16	static
../Drivers/STM32F4xx_HAL_Driver/Src/stm32f4xx_hal_pcd.c:1609:13:HAL_PCD_SOFCallback	16	static
../Drivers/STM32F4xx_HAL_Driver/Src/stm32f4xx_hal_pcd.c:1624:13:HAL_PCD_ResetCallback	16	static
../Drivers/STM32F4xx_HAL_Driver/Src/stm32f4xx_hal_pcd.c:1639:13:HAL_PCD_SuspendCallback	16	static
../Drivers/STM32F4xx_HAL_Driver/Src/stm32f4xx_hal_pcd.c:1654:13:HAL_PCD_ResumeCallback	16	static
../Drivers/STM32F4xx_HAL_Driver/Src/stm32f4xx_hal_pcd.c:1670:13:HAL_PCD_ISOOUTIncompleteCallback	16	static
../Drivers/STM32F4xx_HAL_Driver/Src/stm32f4xx_hal_pcd.c:1687:13:HAL_PCD_ISOINIncompleteCallback	16	static
../Drivers/STM32F4xx_HAL_Driver/Src/stm32f4xx_hal_pcd.c:1703:13:HAL_PCD_ConnectCallback	16	static
../Drivers/STM32F4xx_HAL_Driver/Src/stm32f4xx_hal_pcd.c:1718:13:HAL_PCD_DisconnectCallback	16	static
../Drivers/STM32F4xx_HAL_Driver/Src/stm32f4xx_hal_pcd.c:1752:19:HAL_PCD_DevConnect	24	static
../Drivers/STM32F4xx_HAL_Driver/Src/stm32f4xx_hal_pcd.c:1775:19:HAL_PCD_DevDisconnect	24	static
../Drivers/STM32F4xx_HAL_Driver/Src/stm32f4xx_hal_pcd.c:1800:19:HAL_PCD_SetAddress	16	static
../Drivers/STM32F4xx_HAL_Driver/Src/stm32f4xx_hal_pcd.c:1817:19:HAL_PCD_EP_Open	24	static
../Drivers/STM32F4xx_HAL_Driver/Src/stm32f4xx_hal_pcd.c:1863:19:HAL_PCD_EP_Close	24	static
../Drivers/STM32F4xx_HAL_Driver/Src/stm32f4xx_hal_pcd.c:1894:19:HAL_PCD_EP_Receive	32	static
../Drivers/STM32F4xx_HAL_Driver/Src/stm32f4xx_hal_pcd.c:1927:10:HAL_PCD_EP_GetRxCount	16	static
../Drivers/STM32F4xx_HAL_Driver/Src/stm32f4xx_hal_pcd.c:1939:19:HAL_PCD_EP_Transmit	32	static
../Drivers/STM32F4xx_HAL_Driver/Src/stm32f4xx_hal_pcd.c:1968:19:HAL_PCD_EP_SetStall	24	static
../Drivers/STM32F4xx_HAL_Driver/Src/stm32f4xx_hal_pcd.c:2011:19:HAL_PCD_EP_ClrStall	24	static
../Drivers/STM32F4xx_HAL_Driver/Src/stm32f4xx_hal_pcd.c:2047:19:HAL_PCD_EP_Abort	24	static
../Drivers/STM32F4xx_HAL_Driver/Src/stm32f4xx_hal_pcd.c:2073:19:HAL_PCD_EP_Flush	16	static
../Drivers/STM32F4xx_HAL_Driver/Src/stm32f4xx_hal_pcd.c:2096:19:HAL_PCD_ActivateRemoteWakeup	16	static
../Drivers/STM32F4xx_HAL_Driver/Src/stm32f4xx_hal_pcd.c:2106:19:HAL_PCD_DeActivateRemoteWakeup	16	static
../Drivers/STM32F4xx_HAL_Driver/Src/stm32f4xx_hal_pcd.c:2135:18:HAL_PCD_GetState	16	static
../Drivers/STM32F4xx_HAL_Driver/Src/stm32f4xx_hal_pcd.c:2147:19:HAL_PCD_SetTestMode	24	static
../Drivers/STM32F4xx_HAL_Driver/Src/stm32f4xx_hal_pcd.c:2188:26:PCD_WriteEmptyTxFifo	48	static
../Drivers/STM32F4xx_HAL_Driver/Src/stm32f4xx_hal_pcd.c:2248:26:PCD_EP_OutXfrComplete_int	40	static
../Drivers/STM32F4xx_HAL_Driver/Src/stm32f4xx_hal_pcd.c:2360:26:PCD_EP_OutSetupPacket_int	32	static
